// Jest Snapshot v1, https://goo.gl/fbAQLP

exports[`renders correctly 1`] = `
<div>
  <div>
    <div
      id="container"
    >
      <div
        id="map"
      />
      <div />
    </div>
  </div>
  <div
    id="mapinfo"
  >
    <div
      className="bg-warning text-white"
      id="card"
    />
  </div>
</div>
`;
