// Jest Snapshot v1, https://goo.gl/fbAQLP

exports[`Navbar Component render correctly Header component 1`] = `
<nav
  className="navbar-dark bs-navbar-collapse navbar navbar-expand navbar-light fixed-top"
>
  <span
    className="navbar-brand"
  >
    <img
      alt=""
      className="d-inline-block align-top"
      height="30"
      src="https://cdn3.iconfinder.com/data/icons/science-116/64/virus-lab-scientist-biology-cell-medical-512.png?v=2"
      width="30"
    />
     
    Covid-19
  </span>
  <div
    className="dropdown"
    onKeyDown={[Function]}
  >
    <button
      aria-expanded={false}
      aria-haspopup={true}
      className="dropdown-toggle btn btn-outline-warning"
      disabled={false}
      id="last_updated"
      onClick={[Function]}
      type="button"
    >
      <span
        aria-hidden="true"
        className="spinner-grow spinner-grow-sm"
        role="status"
      />
    </button>
  </div>
  <div
    className="ml-auto navbar-nav"
    onKeyDown={[Function]}
  >
    <div
      className="dropdown"
      onKeyDown={[Function]}
    >
      <button
        aria-expanded={false}
        aria-haspopup={true}
        className="dropdown-toggle btn btn-outline-success"
        disabled={false}
        id="last_updated"
        onClick={[Function]}
        type="button"
      >
        <span
          aria-hidden="true"
          className="spinner-grow spinner-grow-sm"
          role="status"
        />
      </button>
    </div>
  </div>
  <div
    className="ml-auto navbar-nav"
    onKeyDown={[Function]}
  >
    <div
      className="dropdown"
      onKeyDown={[Function]}
    >
      <button
        aria-expanded={false}
        aria-haspopup={true}
        className="dropdown-toggle btn btn-outline-danger"
        disabled={false}
        id="last_updated"
        onClick={[Function]}
        type="button"
      >
        <span
          aria-hidden="true"
          className="spinner-grow spinner-grow-sm"
          role="status"
        />
      </button>
    </div>
  </div>
  <div
    className="ml-auto navbar-nav"
    onKeyDown={[Function]}
  >
    <div
      className="dropdown"
      onKeyDown={[Function]}
    >
      <button
        aria-expanded={false}
        aria-haspopup={true}
        className="dropdown-toggle btn btn-outline-info"
        disabled={false}
        id="dropdown-menu-align-right"
        onClick={[Function]}
        type="button"
      >
        <span
          aria-hidden="true"
          className="spinner-grow spinner-grow-sm"
          role="status"
        />
      </button>
    </div>
  </div>
</nav>
`;
