// Jest Snapshot v1, https://goo.gl/fbAQLP

exports[`App Component renders as expected, snapshot comparison 1`] = `
<div
  className="App"
>
  <div
    id="app"
  >
    <nav
      className="navbar-dark bs-navbar-collapse navbar navbar-expand navbar-light fixed-top"
    >
      <div
        className="navbar-nav"
        onKeyDown={[Function]}
      >
        <div
          className="dropdown"
          onKeyDown={[Function]}
        >
          <button
            aria-expanded={false}
            aria-haspopup={true}
            className="dropdown-toggle btn btn-outline-light"
            disabled={false}
            id="last_updated"
            onClick={[Function]}
            type="button"
          >
            <span
              aria-hidden="true"
              className="spinner-grow spinner-grow-sm"
              role="status"
            />
          </button>
        </div>
      </div>
      <div
        className="ml-auto navbar-nav"
        onKeyDown={[Function]}
      >
        <div
          className="dropdown"
          onKeyDown={[Function]}
        >
          <button
            aria-expanded={false}
            aria-haspopup={true}
            className="dropdown-toggle btn btn-outline-info"
            disabled={false}
            id="last_updated"
            onClick={[Function]}
            type="button"
          >
            <span
              aria-hidden="true"
              className="spinner-grow spinner-grow-sm"
              role="status"
            />
          </button>
        </div>
      </div>
      <div
        className="ml-auto navbar-nav"
        onKeyDown={[Function]}
      >
        <div
          className="dropdown"
          onKeyDown={[Function]}
        >
          <button
            aria-expanded={false}
            aria-haspopup={true}
            className="dropdown-toggle btn btn-outline-success"
            disabled={false}
            id="last_updated"
            onClick={[Function]}
            type="button"
          >
            <span
              aria-hidden="true"
              className="spinner-grow spinner-grow-sm"
              role="status"
            />
          </button>
        </div>
      </div>
      <div
        className="ml-auto navbar-nav"
        onKeyDown={[Function]}
      >
        <div
          className="dropdown"
          onKeyDown={[Function]}
        >
          <button
            aria-expanded={false}
            aria-haspopup={true}
            className="dropdown-toggle btn btn-outline-danger"
            disabled={false}
            id="last_updated"
            onClick={[Function]}
            type="button"
          >
            <span
              aria-hidden="true"
              className="spinner-grow spinner-grow-sm"
              role="status"
            />
          </button>
        </div>
      </div>
      <div
        className="ml-auto navbar-nav"
        onKeyDown={[Function]}
      >
        <div
          className="dropdown"
          onKeyDown={[Function]}
        >
          <button
            aria-expanded={false}
            aria-haspopup={true}
            className="dropdown-toggle btn btn-outline-warning"
            disabled={false}
            id="dropdown-menu-align-right"
            onClick={[Function]}
            type="button"
          >
            <span
              aria-hidden="true"
              className="spinner-grow spinner-grow-sm"
              role="status"
            />
          </button>
        </div>
      </div>
      <div
        className="ml-auto navbar-nav"
        onKeyDown={[Function]}
      >
        <div
          className="dropdown"
          onKeyDown={[Function]}
        >
          <button
            aria-expanded={false}
            aria-haspopup={true}
            className="dropdown-toggle btn btn-outline-secondary"
            disabled={false}
            id="dropdown-menu-align-right"
            onClick={[Function]}
            type="button"
          >
            <span
              aria-hidden="true"
              className="spinner-grow spinner-grow-sm"
              role="status"
            />
          </button>
        </div>
      </div>
    </nav>
    <div
      id="table"
    >
      <div>
        <div
          className="react-bootstrap-table"
        >
          <table
            className="table table-bordered"
          >
            <thead>
              <tr>
                <th
                  aria-label="Country sortable"
                  className="sortable"
                  onClick={[Function]}
                  onKeyUp={[Function]}
                  tabIndex={0}
                >
                  Country
                  <span
                    className="order"
                  >
                    <span
                      className="dropdown"
                    >
                      <span
                        className="caret"
                      />
                    </span>
                    <span
                      className="dropup"
                    >
                      <span
                        className="caret"
                      />
                    </span>
                  </span>
                </th>
                <th
                  aria-label="Total Cases sortable"
                  className="sortable"
                  onClick={[Function]}
                  onKeyUp={[Function]}
                  tabIndex={0}
                >
                  Total Cases
                  <span
                    className="order"
                  >
                    <span
                      className="dropdown"
                    >
                      <span
                        className="caret"
                      />
                    </span>
                    <span
                      className="dropup"
                    >
                      <span
                        className="caret"
                      />
                    </span>
                  </span>
                </th>
                <th
                  aria-label="Active Cases sortable"
                  className="sortable"
                  onClick={[Function]}
                  onKeyUp={[Function]}
                  tabIndex={0}
                >
                  Active Cases
                  <span
                    className="order"
                  >
                    <span
                      className="dropdown"
                    >
                      <span
                        className="caret"
                      />
                    </span>
                    <span
                      className="dropup"
                    >
                      <span
                        className="caret"
                      />
                    </span>
                  </span>
                </th>
                <th
                  aria-label="Recovered sortable"
                  className="sortable"
                  onClick={[Function]}
                  onKeyUp={[Function]}
                  tabIndex={0}
                >
                  Recovered
                  <span
                    className="order"
                  >
                    <span
                      className="dropdown"
                    >
                      <span
                        className="caret"
                      />
                    </span>
                    <span
                      className="dropup"
                    >
                      <span
                        className="caret"
                      />
                    </span>
                  </span>
                </th>
                <th
                  aria-label="Deaths sortable"
                  className="sortable"
                  onClick={[Function]}
                  onKeyUp={[Function]}
                  tabIndex={0}
                >
                  Deaths
                  <span
                    className="order"
                  >
                    <span
                      className="dropdown"
                    >
                      <span
                        className="caret"
                      />
                    </span>
                    <span
                      className="dropup"
                    >
                      <span
                        className="caret"
                      />
                    </span>
                  </span>
                </th>
                <th
                  aria-label="Critical Cases sortable"
                  className="sortable"
                  onClick={[Function]}
                  onKeyUp={[Function]}
                  tabIndex={0}
                >
                  Critical Cases
                  <span
                    className="order"
                  >
                    <span
                      className="dropdown"
                    >
                      <span
                        className="caret"
                      />
                    </span>
                    <span
                      className="dropup"
                    >
                      <span
                        className="caret"
                      />
                    </span>
                  </span>
                </th>
                <th
                  aria-label="Cases Per 1Million People sortable"
                  className="sortable"
                  onClick={[Function]}
                  onKeyUp={[Function]}
                  tabIndex={0}
                >
                  Cases Per 1Million People
                  <span
                    className="order"
                  >
                    <span
                      className="dropdown"
                    >
                      <span
                        className="caret"
                      />
                    </span>
                    <span
                      className="dropup"
                    >
                      <span
                        className="caret"
                      />
                    </span>
                  </span>
                </th>
                <th
                  aria-label="C.F.R sortable"
                  className="sortable"
                  onClick={[Function]}
                  onKeyUp={[Function]}
                  tabIndex={0}
                >
                  C.F.R
                  <span
                    className="order"
                  >
                    <span
                      className="dropdown"
                    >
                      <span
                        className="caret"
                      />
                    </span>
                    <span
                      className="dropup"
                    >
                      <span
                        className="caret"
                      />
                    </span>
                  </span>
                </th>
              </tr>
            </thead>
          </table>
        </div>
      </div>
    </div>
  </div>
</div>
`;
